Python version: 3.12.10 (tags/v3.12.10:0cc8128, Apr  8 2025, 12:21:36) [MSC v.1943 64 bit (AMD64)]
OpenMM imported successfully
openmm.__version__: 8.3.1
unit imported successfully
type(unit): <class 'module'>
has nanometer: True
has nanometers: True
unit.nanometer works!
Multiplication works: 1.0 nm
